src/middleware/auth.ts(62,13): error TS2322: Type '{ id: string | string[]; } | { slug: string | string[]; }' is not assignable to type 'RoomWhereInput | undefined'.
  Type '{ id: string | string[]; }' is not assignable to type 'RoomWhereInput'.
    Types of property 'id' are incompatible.
      Type 'string | string[]' is not assignable to type 'string | StringFilter<"Room"> | undefined'.
        Type 'string[]' is not assignable to type 'string | StringFilter<"Room"> | undefined'.
src/middleware/auth.ts(85,16): error TS2769: No overload matches this call.
  Overload 1 of 5, '(payload: string | object | Buffer<ArrayBufferLike>, secretOrPrivateKey: null, options?: (SignOptions & { algorithm: "none"; }) | undefined): string', gave the following error.
    Argument of type 'string' is not assignable to parameter of type 'null'.
  Overload 2 of 5, '(payload: string | object | Buffer<ArrayBufferLike>, secretOrPrivateKey: Secret | Buffer<ArrayBufferLike> | JsonWebKeyInput | PrivateKeyInput, options?: SignOptions | undefined): string', gave the following error.
    Type 'string' is not assignable to type 'number | StringValue | undefined'.
  Overload 3 of 5, '(payload: string | object | Buffer<ArrayBufferLike>, secretOrPrivateKey: Secret | Buffer<ArrayBufferLike> | JsonWebKeyInput | PrivateKeyInput, callback: SignCallback): void', gave the following error.
    Object literal may only specify known properties, and 'expiresIn' does not exist in type 'SignCallback'.
src/routes/keys.ts(94,22): error TS2322: Type 'string | string[]' is not assignable to type 'string | StringFilter<"ApiKey"> | undefined'.
  Type 'string[]' is not assignable to type 'string | StringFilter<"ApiKey"> | undefined'.
src/routes/keys.ts(102,47): error TS2322: Type 'string | string[]' is not assignable to type 'string | undefined'.
  Type 'string[]' is not assignable to type 'string'.
src/routes/notes.ts(91,22): error TS2322: Type 'string | string[]' is not assignable to type 'string | StringFilter<"Note"> | undefined'.
  Type 'string[]' is not assignable to type 'string | StringFilter<"Note"> | undefined'.
src/routes/notes.ts(101,29): error TS2339: Property 'room' does not exist on type '{ id: string; createdAt: Date; updatedAt: Date; roomId: string; authorId: string; content: JsonValue; title: string; type: NoteType; isPinned: boolean; }'.
src/routes/notes.ts(109,22): error TS2322: Type 'string | string[]' is not assignable to type 'string | undefined'.
  Type 'string[]' is not assignable to type 'string'.
src/routes/notes.ts(131,22): error TS2322: Type 'string | string[]' is not assignable to type 'string | StringFilter<"Note"> | undefined'.
  Type 'string[]' is not assignable to type 'string | StringFilter<"Note"> | undefined'.
src/routes/notes.ts(140,29): error TS2339: Property 'room' does not exist on type '{ id: string; createdAt: Date; updatedAt: Date; roomId: string; authorId: string; content: JsonValue; title: string; type: NoteType; isPinned: boolean; }'.
src/routes/notes.ts(147,45): error TS2322: Type 'string | string[]' is not assignable to type 'string | undefined'.
  Type 'string[]' is not assignable to type 'string'.
src/routes/notes.ts(168,22): error TS2322: Type 'string | string[]' is not assignable to type 'string | StringFilter<"Note"> | undefined'.
  Type 'string[]' is not assignable to type 'string | StringFilter<"Note"> | undefined'.
src/routes/notes.ts(178,31): error TS2339: Property 'room' does not exist on type '{ id: string; createdAt: Date; updatedAt: Date; roomId: string; authorId: string; content: JsonValue; title: string; type: NoteType; isPinned: boolean; }'.
src/routes/notes.ts(178,50): error TS7006: Parameter 'm' implicitly has an 'any' type.
src/routes/notes.ts(186,22): error TS2322: Type 'string | string[]' is not assignable to type 'string | StringFilter<"TodoItem"> | undefined'.
  Type 'string[]' is not assignable to type 'string | StringFilter<"TodoItem"> | undefined'.
src/routes/notes.ts(192,17): error TS2322: Type 'string | string[]' is not assignable to type 'string | undefined'.
  Type 'string[]' is not assignable to type 'string'.
src/routes/notes.ts(195,25): error TS18048: 'maxOrder._max' is possibly 'undefined'.
src/routes/notes.ts(211,65): error TS2322: Type 'string | string[]' is not assignable to type 'string | StringFilter<"TodoItem"> | undefined'.
  Type 'string[]' is not assignable to type 'string | StringFilter<"TodoItem"> | undefined'.
src/routes/notes.ts(218,22): error TS2322: Type 'string | string[]' is not assignable to type 'string | undefined'.
  Type 'string[]' is not assignable to type 'string'.
src/routes/rooms.ts(103,22): error TS2322: Type 'string | string[]' is not assignable to type 'string | undefined'.
  Type 'string[]' is not assignable to type 'string'.
src/routes/rooms.ts(126,31): error TS2339: Property 'members' does not exist on type '{ name: string; id: string; createdAt: Date; updatedAt: Date; slug: string; hostId: string; maxMembers: number; isActive: boolean; settings: JsonValue; }'.
src/routes/rooms.ts(126,45): error TS7006: Parameter 'm' implicitly has an 'any' type.
src/routes/rooms.ts(135,32): error TS2339: Property 'host' does not exist on type '{ name: string; id: string; createdAt: Date; updatedAt: Date; slug: string; hostId: string; maxMembers: number; isActive: boolean; settings: JsonValue; }'.
src/routes/rooms.ts(137,39): error TS2339: Property 'members' does not exist on type '{ name: string; id: string; createdAt: Date; updatedAt: Date; slug: string; hostId: string; maxMembers: number; isActive: boolean; settings: JsonValue; }'.
src/routes/rooms.ts(159,22): error TS2322: Type 'string | string[]' is not assignable to type 'string | undefined'.
  Type 'string[]' is not assignable to type 'string'.
src/routes/rooms.ts(179,18): error TS2339: Property '_count' does not exist on type '{ name: string; id: string; createdAt: Date; updatedAt: Date; slug: string; hostId: string; maxMembers: number; isActive: boolean; settings: JsonValue; }'.
src/routes/rooms.ts(202,62): error TS2322: Type 'string | string[]' is not assignable to type 'string | undefined'.
  Type 'string[]' is not assignable to type 'string'.
src/routes/rooms.ts(231,62): error TS2322: Type 'string | string[]' is not assignable to type 'string | undefined'.
  Type 'string[]' is not assignable to type 'string'.
src/routes/rooms.ts(261,62): error TS2322: Type 'string | string[]' is not assignable to type 'string | undefined'.
  Type 'string[]' is not assignable to type 'string'.
src/routes/rooms.ts(278,39): error TS2322: Type 'string | string[]' is not assignable to type 'string | StringFilter<"RoomMember"> | undefined'.
  Type 'string[]' is not assignable to type 'string | StringFilter<"RoomMember"> | undefined'.
src/services/dag.ts(81,19): error TS7022: 'node' implicitly has type 'any' because it does not have a type annotation and is referenced directly or indirectly in its own initializer.
src/services/llm/gateway.ts(341,22): error TS18046: 'data' is of type 'unknown'.
src/services/llm/gateway.ts(342,25): error TS18046: 'data' is of type 'unknown'.
src/services/llm/gateway.ts(358,18): error TS18046: 'data' is of type 'unknown'.
src/services/llm/gateway.ts(359,21): error TS18046: 'data' is of type 'unknown'.
src/socket/handlers.ts(111,67): error TS2345: Argument of type '{ user: { id: string; username: string; email: string; avatarUrl: string | null; createdAt: Date; }; } & { id: string; roomId: string; userId: string; role: RoomRole; joinedAt: Date; }' is not assignable to parameter of type 'RoomMember'.
  The types of 'user.createdAt' are incompatible between these types.
    Type 'Date' is not assignable to type 'string'.
